#-----------------------------------------------------------
# Vivado v2022.2 (64-bit)
# SW Build 3671981 on Fri Oct 14 05:00:03 MDT 2022
# IP Build 3669848 on Fri Oct 14 08:30:02 MDT 2022
# Start of session at: Wed Apr  9 08:22:16 2025
# Process ID: 8088
# Current directory: C:/Users/phili/UniversityOfCanterbury/UC_25S1/ENEL373/reaction-timer-project/ThuGroup13/reaction_timer/reaction_timer.runs/synth_1
# Command line: vivado.exe -log milestone_1.vds -product Vivado -mode batch -messageDb vivado.pb -notrace -source milestone_1.tcl
# Log file: C:/Users/phili/UniversityOfCanterbury/UC_25S1/ENEL373/reaction-timer-project/ThuGroup13/reaction_timer/reaction_timer.runs/synth_1/milestone_1.vds
# Journal file: C:/Users/phili/UniversityOfCanterbury/UC_25S1/ENEL373/reaction-timer-project/ThuGroup13/reaction_timer/reaction_timer.runs/synth_1\vivado.jou
# Running On: Laptoptycles, OS: Windows, CPU Frequency: 2419 MHz, CPU Physical cores: 4, Host memory: 16805 MB
#-----------------------------------------------------------
source milestone_1.tcl -notrace
